2020-06-12 02:49:24,874 - scrapy.core.engine - DEBUG - Crawled (200) <GET https://www.cmsenergy.com/contact-us/default.aspx> (referer: None)
2020-06-12 02:49:24,984 - root - INFO - STARTED - https://www.cmsenergy.com/contact-us/default.aspx
2020-06-12 02:49:24,990 - root - INFO - GETTING PHONE NUMBERS
2020-06-12 02:49:25,002 - root - INFO - GETTING LOGO URL
2020-06-12 02:49:25,002 - root - INFO - WRITING RESULT
2020-06-12 02:49:25,004 - root - INFO - FINISHED
2020-06-12 02:49:25,099 - scrapy.downloadermiddlewares.redirect - DEBUG - Redirecting (301) to <GET https://www.phosagro.com/contacts/> from <GET https://www.phosagro.com/contacts>
2020-06-12 02:49:25,266 - scrapy.core.engine - DEBUG - Crawled (200) <GET https://www.illion.com.au> (referer: None)
2020-06-12 02:49:25,368 - root - INFO - STARTED - https://www.illion.com.au
2020-06-12 02:49:25,373 - root - INFO - GETTING PHONE NUMBERS
2020-06-12 02:49:25,385 - root - INFO - GETTING LOGO URL
2020-06-12 02:49:25,386 - root - INFO - WRITING RESULT
2020-06-12 02:49:25,387 - root - INFO - FINISHED
2020-06-12 02:49:25,989 - scrapy.core.engine - DEBUG - Crawled (200) <GET https://www.phosagro.com/contacts/> (referer: None)
2020-06-12 02:49:26,091 - root - INFO - STARTED - https://www.phosagro.com/contacts/
2020-06-12 02:49:26,107 - root - INFO - GETTING PHONE NUMBERS
2020-06-12 02:49:26,155 - root - INFO - GETTING LOGO URL
2020-06-12 02:49:26,156 - root - INFO - WRITING RESULT
2020-06-12 02:49:26,157 - root - INFO - FINISHED
2020-06-12 02:49:26,160 - scrapy.core.engine - INFO - Closing spider (finished)
2020-06-12 02:49:26,161 - scrapy.statscollectors - INFO - Dumping Scrapy stats:
{'downloader/request_bytes': 906,
 'downloader/request_count': 4,
 'downloader/request_method_count/GET': 4,
 'downloader/response_bytes': 69305,
 'downloader/response_count': 4,
 'downloader/response_status_count/200': 3,
 'downloader/response_status_count/301': 1,
 'elapsed_time_seconds': 3.736031,
 'finish_reason': 'finished',
 'finish_time': datetime.datetime(2020, 6, 12, 5, 49, 26, 160367),
 'log_count/DEBUG': 4,
 'log_count/INFO': 25,
 'response_received_count': 3,
 'scheduler/dequeued': 4,
 'scheduler/dequeued/memory': 4,
 'scheduler/enqueued': 4,
 'scheduler/enqueued/memory': 4,
 'start_time': datetime.datetime(2020, 6, 12, 5, 49, 22, 424336)}
2020-06-12 02:49:26,161 - scrapy.core.engine - INFO - Spider closed (finished)
